###############################################################################
#
# IAR ELF Linker V7.70.1.11437/W32 for ARM                09/Sep/2016  12:49:25
# Copyright 2007-2016 IAR Systems AB.
#
#    Output file  =  C:\Embedded C\Lesson 10\Debug\Exe\Project 01.out
#    Map file     =  C:\Embedded C\Lesson 10\Debug\List\Project 01.map
#    Command line =  
#        "C:\Embedded C\Lesson 10\Debug\Obj\delay.o" "C:\Embedded C\Lesson
#        10\Debug\Obj\main.o" -o "C:\Embedded C\Lesson 10\Debug\Exe\Project
#        01.out" --redirect _Printf=_PrintfFull --redirect _Scanf=_ScanfFull
#        --map "C:\Embedded C\Lesson 10\Debug\List\Project 01.map" --config
#        "C:\Embedded C\Lesson 10\Project 01.icf" --semihosting --entry
#        __iar_program_start --vfe
#
###############################################################################

*******************************************************************************
*** RUNTIME MODEL ATTRIBUTES
***

CppFlavor       = *
__SystemLibrary = DLib


*******************************************************************************
*** PLACEMENT SUMMARY
***

"A0":  place at 0x00000000 { ro section .intvec };
"P1":  place in [from 0x00000000 to 0x0003ffff] { ro };
"P2":  place in [from 0x20000000 to 0x20007fff] { rw, block CSTACK, block HEAP };

  Section          Kind        Address   Size  Object
  -------          ----        -------   ----  ------
"A0":                                    0x40
  .intvec          ro code  0x00000000   0x40  vector_table_M.o [5]
                          - 0x00000040   0x40

"P1":                                   0x1b4
  .text            ro code  0x00000040   0xac  main.o [1]
  .text            ro code  0x000000ec   0x18  delay.o [1]
  .text            ro code  0x00000104   0x40  zero_init3.o [5]
  .text            ro code  0x00000144   0x28  data_init.o [5]
  .text            ro code  0x0000016c   0x22  fpinit_M.o [4]
  .iar.init_table  const    0x00000190   0x10  - Linker created -
  .text            ro code  0x000001a0    0x2  vector_table_M.o [5]
  .text            ro code  0x000001a4   0x1a  cmain.o [5]
  .text            ro code  0x000001be    0x4  low_level_init.o [3]
  .text            ro code  0x000001c2    0x4  exit.o [3]
  .text            ro code  0x000001c8    0xa  cexit.o [5]
  .text            ro code  0x000001d4   0x14  exit.o [6]
  .text            ro code  0x000001e8    0xc  cstartup_M.o [5]
  .rodata          const    0x000001f4    0x0  zero_init3.o [5]
                          - 0x000001f4  0x1b4

"P2", part 1 of 2:                        0x8
  .bss             zero     0x20000000    0x8  main.o [1]
                          - 0x20000008    0x8

"P2", part 2 of 2:                      0x400
  CSTACK                    0x20000008  0x400  <Block>
    CSTACK         uninit   0x20000008  0x400  <Block tail>
                          - 0x20000408  0x400


*******************************************************************************
*** INIT TABLE
***

          Address     Size
          -------     ----
Zero (__iar_zero_init3)
    1 destination range, total size 0x8:
          0x20000000   0x8



*******************************************************************************
*** MODULE SUMMARY
***

    Module            ro code  ro data  rw data
    ------            -------  -------  -------
C:\Embedded C\Lesson 10\Debug\Obj: [1]
    delay.o                24
    main.o                172                 8
    -------------------------------------------
    Total:                196                 8

command line: [2]
    -------------------------------------------
    Total:

dl7M_tln.a: [3]
    exit.o                  4
    low_level_init.o        4
    -------------------------------------------
    Total:                  8

m7M_tls.a: [4]
    fpinit_M.o             34
    -------------------------------------------
    Total:                 34

rt7M_tl.a: [5]
    cexit.o                10
    cmain.o                26
    cstartup_M.o           12
    data_init.o            40
    vector_table_M.o       66
    zero_init3.o           64
    -------------------------------------------
    Total:                218

shb_l.a: [6]
    exit.o                 20
    -------------------------------------------
    Total:                 20

    Gaps                    6        2
    Linker created                  16    1 024
-----------------------------------------------
    Grand Total:          482       18    1 032


*******************************************************************************
*** ENTRY LIST
***

Entry                      Address  Size  Type      Object
-----                      -------  ----  ----      ------
.iar.init_table$$Base   0x00000190         --   Gb  - Linker created -
.iar.init_table$$Limit  0x000001a0         --   Gb  - Linker created -
?main                   0x000001a5        Code  Gb  cmain.o [5]
CSTACK$$Base            0x20000008         --   Gb  - Linker created -
CSTACK$$Limit           0x20000408         --   Gb  - Linker created -
Region$$Table$$Base     0x00000190         --   Gb  - Linker created -
Region$$Table$$Limit    0x000001a0         --   Gb  - Linker created -
__cmain                 0x000001a5        Code  Gb  cmain.o [5]
__exit                  0x000001d5  0x14  Code  Gb  exit.o [6]
__iar_data_init3        0x00000145  0x28  Code  Gb  data_init.o [5]
__iar_init_vfp          0x0000016d        Code  Gb  fpinit_M.o [4]
__iar_program_start     0x000001e9        Code  Gb  cstartup_M.o [5]
__iar_zero_init3        0x00000105  0x40  Code  Gb  zero_init3.o [5]
__low_level_init        0x000001bf   0x4  Code  Gb  low_level_init.o [3]
__vector_table          0x00000000        Data  Gb  vector_table_M.o [5]
_call_main              0x000001b1        Code  Gb  cmain.o [5]
_exit                   0x000001c9        Code  Gb  cexit.o [5]
_main                   0x000001bb        Code  Gb  cmain.o [5]
delay                   0x000000ed  0x18  Code  Gb  delay.o [1]
exit                    0x000001c3   0x4  Code  Gb  exit.o [3]
main                    0x0000005d  0x6a  Code  Gb  main.o [1]
swap                    0x00000041  0x1c  Code  Gb  main.o [1]
swap::tmp               0x20000000   0x8  Data  Lc  main.o [1]


[1] = C:\Embedded C\Lesson 10\Debug\Obj
[2] = command line
[3] = dl7M_tln.a
[4] = m7M_tls.a
[5] = rt7M_tl.a
[6] = shb_l.a

    482 bytes of readonly  code memory
     18 bytes of readonly  data memory
  1 032 bytes of readwrite data memory

Errors: none
Warnings: none
