###############################################################################
#
# IAR ELF Linker V7.70.1.11437/W32 for ARM                08/Sep/2016  14:55:12
# Copyright 2007-2016 IAR Systems AB.
#
#    Output file  =  C:\Embedded C\Lesson 09\Debug\Exe\Project 01.out
#    Map file     =  C:\Embedded C\Lesson 09\Debug\List\Project 01.map
#    Command line =  
#        "C:\Embedded C\Lesson 09\Debug\Obj\delay.o" "C:\Embedded C\Lesson
#        09\Debug\Obj\main.o" -o "C:\Embedded C\Lesson 09\Debug\Exe\Project
#        01.out" --redirect _Printf=_PrintfFull --redirect _Scanf=_ScanfFull
#        --map "C:\Embedded C\Lesson 09\Debug\List\Project 01.map" --config
#        "C:\Program Files (x86)\IAR Systems\Embedded Workbench
#        7.5\arm\config\linker\TexasInstruments\TM4C123FH6.icf" --semihosting
#        --entry __iar_program_start --vfe
#
###############################################################################

*******************************************************************************
*** RUNTIME MODEL ATTRIBUTES
***

CppFlavor       = *
__SystemLibrary = DLib


*******************************************************************************
*** PLACEMENT SUMMARY
***

"A0":  place at 0x00000000 { ro section .intvec };
"P1":  place in [from 0x00000000 to 0x0003ffff] { ro };
"P2":  place in [from 0x20000000 to 0x20007fff] { rw, block CSTACK, block HEAP };

  Section   Kind        Address    Size  Object
  -------   ----        -------    ----  ------
"A0":                              0x40
  .intvec   ro code  0x00000000    0x40  vector_table_M.o [5]
                   - 0x00000040    0x40

"P1":                             0x120
  .text     ro code  0x00000040    0x94  main.o [1]
  .text     ro code  0x000000d4    0x18  delay.o [1]
  .text     ro code  0x000000ec    0x22  fpinit_M.o [4]
  .text     ro code  0x0000010e     0x2  vector_table_M.o [5]
  .text     ro code  0x00000110    0x1a  cmain.o [5]
  .text     ro code  0x0000012a     0x4  low_level_init.o [3]
  .text     ro code  0x0000012e     0x4  exit.o [3]
  .text     ro code  0x00000134     0xa  cexit.o [5]
  .text     ro code  0x00000140    0x14  exit.o [6]
  .text     ro code  0x00000154     0xc  cstartup_M.o [5]
                   - 0x00000160   0x120

"P2":                            0x1000
  CSTACK             0x20000000  0x1000  <Block>
    CSTACK  uninit   0x20000000  0x1000  <Block tail>
                   - 0x20001000  0x1000



*******************************************************************************
*** MODULE SUMMARY
***

    Module            ro code  rw data
    ------            -------  -------
C:\Embedded C\Lesson 09\Debug\Obj: [1]
    delay.o                24
    main.o                148
    ----------------------------------
    Total:                172

command line: [2]
    ----------------------------------
    Total:

dl7M_tln.a: [3]
    exit.o                  4
    low_level_init.o        4
    ----------------------------------
    Total:                  8

m7M_tls.a: [4]
    fpinit_M.o             34
    ----------------------------------
    Total:                 34

rt7M_tl.a: [5]
    cexit.o                10
    cmain.o                26
    cstartup_M.o           12
    vector_table_M.o       66
    ----------------------------------
    Total:                114

shb_l.a: [6]
    exit.o                 20
    ----------------------------------
    Total:                 20

    Gaps                    4
    Linker created               4 096
--------------------------------------
    Grand Total:          352    4 096


*******************************************************************************
*** ENTRY LIST
***

Entry                    Address  Size  Type      Object
-----                    -------  ----  ----      ------
?main                 0x00000111        Code  Gb  cmain.o [5]
CSTACK$$Base          0x20000000         --   Gb  - Linker created -
CSTACK$$Limit         0x20001000         --   Gb  - Linker created -
Region$$Table$$Base   0x00000000         --   Gb  - Linker created -
Region$$Table$$Limit  0x00000000         --   Gb  - Linker created -
__cmain               0x00000111        Code  Gb  cmain.o [5]
__exit                0x00000141  0x14  Code  Gb  exit.o [6]
__iar_init_vfp        0x000000ed        Code  Gb  fpinit_M.o [4]
__iar_program_start   0x00000155        Code  Gb  cstartup_M.o [5]
__low_level_init      0x0000012b   0x4  Code  Gb  low_level_init.o [3]
__vector_table        0x00000000        Data  Gb  vector_table_M.o [5]
_call_main            0x0000011d        Code  Gb  cmain.o [5]
_exit                 0x00000135        Code  Gb  cexit.o [5]
_main                 0x00000127        Code  Gb  cmain.o [5]
delay                 0x000000d5  0x18  Code  Gb  delay.o [1]
exit                  0x0000012f   0x4  Code  Gb  exit.o [3]
fact                  0x000000bd  0x18  Code  Gb  main.o [1]
main                  0x00000041  0x5a  Code  Gb  main.o [1]


[1] = C:\Embedded C\Lesson 09\Debug\Obj
[2] = command line
[3] = dl7M_tln.a
[4] = m7M_tls.a
[5] = rt7M_tl.a
[6] = shb_l.a

    352 bytes of readonly  code memory
  4 096 bytes of readwrite data memory

Errors: none
Warnings: none
